// Jest Snapshot v1, https://goo.gl/fbAQLP

exports[`<Main /> should render the heading with the right text and backgroudn color 1`] = `
.c0 {
  color: red;
  background-color: #ffffff;
}

<main
  class="c0"
  data-testid="main"
>
  <h1>
    Hello, world!
  </h1>
</main>
`;
